core_cm7.h:2229:22:SCB_EnableICache	4	static,ignoring_inline_asm
core_cm7.h:2281:22:SCB_EnableDCache	24	static,ignoring_inline_asm
main.c:116:5:main	8	static
main.c:205:6:SystemClock_Config	312	static
main.c:282:13:MX_ADC1_Init	48	static
main.c:346:13:MX_ADC2_Init	40	static
main.c:402:13:MX_ADC3_Init	40	static
main.c:458:13:MX_ETH_Init	8	static
main.c:504:13:MX_I2C1_Init	8	static
main.c:550:13:MX_I2C2_Init	8	static
main.c:596:13:MX_SPI1_Init	8	static
main.c:644:13:MX_TIM2_Init	64	static
main.c:708:13:MX_TIM3_Init	64	static
main.c:771:13:MX_TIM4_Init	64	static
main.c:835:13:MX_TIM5_Init	64	static
main.c:894:13:MX_GPIO_Init	64	static
main.c:1017:6:Error_Handler	4	static
