Archive member included to satisfy reference by file (symbol)

c:/st/stm32cubeide_1.2.0/stm32cubeide/plugins/com.st.stm32cube.ide.mcu.externaltools.gnu-tools-for-stm32.7-2018-q2-update.win32_1.0.0.201904181610/tools/bin/../lib/gcc/arm-none-eabi/7.3.1/../../../../arm-none-eabi/lib/thumb/v7e-m/fpv5/hard\libc_nano.a(lib_a-errno.o)
                              Core/Src/syscalls.o (__errno)
c:/st/stm32cubeide_1.2.0/stm32cubeide/plugins/com.st.stm32cube.ide.mcu.externaltools.gnu-tools-for-stm32.7-2018-q2-update.win32_1.0.0.201904181610/tools/bin/../lib/gcc/arm-none-eabi/7.3.1/../../../../arm-none-eabi/lib/thumb/v7e-m/fpv5/hard\libc_nano.a(lib_a-exit.o)
                              c:/st/stm32cubeide_1.2.0/stm32cubeide/plugins/com.st.stm32cube.ide.mcu.externaltools.gnu-tools-for-stm32.7-2018-q2-update.win32_1.0.0.201904181610/tools/bin/../lib/gcc/arm-none-eabi/7.3.1/../../../../arm-none-eabi/lib/thumb/v7e-m/fpv5/hard/crt0.o (exit)
c:/st/stm32cubeide_1.2.0/stm32cubeide/plugins/com.st.stm32cube.ide.mcu.externaltools.gnu-tools-for-stm32.7-2018-q2-update.win32_1.0.0.201904181610/tools/bin/../lib/gcc/arm-none-eabi/7.3.1/../../../../arm-none-eabi/lib/thumb/v7e-m/fpv5/hard\libc_nano.a(lib_a-impure.o)
                              c:/st/stm32cubeide_1.2.0/stm32cubeide/plugins/com.st.stm32cube.ide.mcu.externaltools.gnu-tools-for-stm32.7-2018-q2-update.win32_1.0.0.201904181610/tools/bin/../lib/gcc/arm-none-eabi/7.3.1/../../../../arm-none-eabi/lib/thumb/v7e-m/fpv5/hard\libc_nano.a(lib_a-exit.o) (_global_impure_ptr)
c:/st/stm32cubeide_1.2.0/stm32cubeide/plugins/com.st.stm32cube.ide.mcu.externaltools.gnu-tools-for-stm32.7-2018-q2-update.win32_1.0.0.201904181610/tools/bin/../lib/gcc/arm-none-eabi/7.3.1/../../../../arm-none-eabi/lib/thumb/v7e-m/fpv5/hard\libc_nano.a(lib_a-init.o)
                              c:/st/stm32cubeide_1.2.0/stm32cubeide/plugins/com.st.stm32cube.ide.mcu.externaltools.gnu-tools-for-stm32.7-2018-q2-update.win32_1.0.0.201904181610/tools/bin/../lib/gcc/arm-none-eabi/7.3.1/../../../../arm-none-eabi/lib/thumb/v7e-m/fpv5/hard/crt0.o (__libc_init_array)
c:/st/stm32cubeide_1.2.0/stm32cubeide/plugins/com.st.stm32cube.ide.mcu.externaltools.gnu-tools-for-stm32.7-2018-q2-update.win32_1.0.0.201904181610/tools/bin/../lib/gcc/arm-none-eabi/7.3.1/../../../../arm-none-eabi/lib/thumb/v7e-m/fpv5/hard\libc_nano.a(lib_a-memset.o)
                              c:/st/stm32cubeide_1.2.0/stm32cubeide/plugins/com.st.stm32cube.ide.mcu.externaltools.gnu-tools-for-stm32.7-2018-q2-update.win32_1.0.0.201904181610/tools/bin/../lib/gcc/arm-none-eabi/7.3.1/../../../../arm-none-eabi/lib/thumb/v7e-m/fpv5/hard/crt0.o (memset)

Allocating common symbols
Common symbol       size              file

htim4               0x40              Core/Src/main.o
hadc2               0x64              Core/Src/main.o
hi2c1               0x4c              Core/Src/main.o
hi2c2               0x4c              Core/Src/main.o
uwTick              0x4               Drivers/STM32H7xx_HAL_Driver/Src/stm32h7xx_hal.o
pFlash              0x1c              Drivers/STM32H7xx_HAL_Driver/Src/stm32h7xx_hal_flash.o
htim5               0x40              Core/Src/main.o
htim3               0x40              Core/Src/main.o
hadc1               0x64              Core/Src/main.o
hadc3               0x64              Core/Src/main.o
hspi1               0x88              Core/Src/main.o
htim2               0x40              Core/Src/main.o
heth                0x70              Core/Src/main.o
TxConfig            0x34              Core/Src/main.o

Discarded input sections

 .text          0x0000000000000000        0x0 c:/st/stm32cubeide_1.2.0/stm32cubeide/plugins/com.st.stm32cube.ide.mcu.externaltools.gnu-tools-for-stm32.7-2018-q2-update.win32_1.0.0.201904181610/tools/bin/../lib/gcc/arm-none-eabi/7.3.1/thumb/v7e-m/fpv5/hard/crti.o
 .data          0x0000000000000000        0x0 c:/st/stm32cubeide_1.2.0/stm32cubeide/plugins/com.st.stm32cube.ide.mcu.externaltools.gnu-tools-for-stm32.7-2018-q2-update.win32_1.0.0.201904181610/tools/bin/../lib/gcc/arm-none-eabi/7.3.1/thumb/v7e-m/fpv5/hard/crti.o
 .bss           0x0000000000000000        0x0 c:/st/stm32cubeide_1.2.0/stm32cubeide/plugins/com.st.stm32cube.ide.mcu.externaltools.gnu-tools-for-stm32.7-2018-q2-update.win32_1.0.0.201904181610/tools/bin/../lib/gcc/arm-none-eabi/7.3.1/thumb/v7e-m/fpv5/hard/crti.o
 .data          0x0000000000000000        0x4 c:/st/stm32cubeide_1.2.0/stm32cubeide/plugins/com.st.stm32cube.ide.mcu.externaltools.gnu-tools-for-stm32.7-2018-q2-update.win32_1.0.0.201904181610/tools/bin/../lib/gcc/arm-none-eabi/7.3.1/thumb/v7e-m/fpv5/hard/crtbegin.o
 .text          0x0000000000000000       0x74 c:/st/stm32cubeide_1.2.0/stm32cubeide/plugins/com.st.stm32cube.ide.mcu.externaltools.gnu-tools-for-stm32.7-2018-q2-update.win32_1.0.0.201904181610/tools/bin/../lib/gcc/arm-none-eabi/7.3.1/../../../../arm-none-eabi/lib/thumb/v7e-m/fpv5/hard/crt0.o
[...]
Memory Configuration

Name             Origin             Length             Attributes
DTCMRAM          0x0000000020000000 0x0000000000020000 xrw
ITCMRAM          0x0000000000000000 0x0000000000010000 xrw
RAM_D1           0x0000000024000000 0x0000000000080000 xrw
RAM_D2           0x0000000030000000 0x0000000000048000 xrw
RAM_D3           0x0000000038000000 0x0000000000010000 xrw
FLASH            0x0000000008000000 0x0000000000200000 xr
*default*        0x0000000000000000 0xffffffffffffffff

Linker script and memory map

LOAD c:/st/stm32cubeide_1.2.0/stm32cubeide/plugins/com.st.stm32cube.ide.mcu.externaltools.gnu-tools-for-stm32.7-2018-q2-update.win32_1.0.0.201904181610/tools/bin/../lib/gcc/arm-none-eabi/7.3.1/thumb/v7e-m/fpv5/hard/crti.o
LOAD c:/st/stm32cubeide_1.2.0/stm32cubeide/plugins/com.st.stm32cube.ide.mcu.externaltools.gnu-tools-for-stm32.7-2018-q2-update.win32_1.0.0.201904181610/tools/bin/../lib/gcc/arm-none-eabi/7.3.1/thumb/v7e-m/fpv5/hard/crtbegin.o
LOAD c:/st/stm32cubeide_1.2.0/stm32cubeide/plugins/com.st.stm32cube.ide.mcu.externaltools.gnu-tools-for-stm32.7-2018-q2-update.win32_1.0.0.201904181610/tools/bin/../lib/gcc/arm-none-eabi/7.3.1/../../../../arm-none-eabi/lib/thumb/v7e-m/fpv5/hard/crt0.o
LOAD Core/Src/main.o
LOAD Core/Src/stm32h7xx_hal_msp.o
LOAD Core/Src/stm32h7xx_it.o
LOAD Core/Src/syscalls.o
LOAD Core/Src/sysmem.o
LOAD Core/Src/system_stm32h7xx.o
LOAD Core/Startup/startup_stm32h743zitx.o
LOAD Drivers/STM32H7xx_HAL_Driver/Src/stm32h7xx_hal.o
LOAD Drivers/STM32H7xx_HAL_Driver/Src/stm32h7xx_hal_adc.o
LOAD Drivers/STM32H7xx_HAL_Driver/Src/stm32h7xx_hal_adc_ex.o
LOAD Drivers/STM32H7xx_HAL_Driver/Src/stm32h7xx_hal_cortex.o
LOAD Drivers/STM32H7xx_HAL_Driver/Src/stm32h7xx_hal_dma.o
LOAD Drivers/STM32H7xx_HAL_Driver/Src/stm32h7xx_hal_dma_ex.o
LOAD Drivers/STM32H7xx_HAL_Driver/Src/stm32h7xx_hal_eth.o
LOAD Drivers/STM32H7xx_HAL_Driver/Src/stm32h7xx_hal_eth_ex.o
LOAD Drivers/STM32H7xx_HAL_Driver/Src/stm32h7xx_hal_exti.o
LOAD Drivers/STM32H7xx_HAL_Driver/Src/stm32h7xx_hal_flash.o
LOAD Drivers/STM32H7xx_HAL_Driver/Src/stm32h7xx_hal_flash_ex.o
LOAD Drivers/STM32H7xx_HAL_Driver/Src/stm32h7xx_hal_gpio.o
LOAD Drivers/STM32H7xx_HAL_Driver/Src/stm32h7xx_hal_hsem.o
LOAD Drivers/STM32H7xx_HAL_Driver/Src/stm32h7xx_hal_i2c.o
LOAD Drivers/STM32H7xx_HAL_Driver/Src/stm32h7xx_hal_i2c_ex.o
LOAD Drivers/STM32H7xx_HAL_Driver/Src/stm32h7xx_hal_mdma.o
LOAD Drivers/STM32H7xx_HAL_Driver/Src/stm32h7xx_hal_pwr.o
LOAD Drivers/STM32H7xx_HAL_Driver/Src/stm32h7xx_hal_pwr_ex.o
LOAD Drivers/STM32H7xx_HAL_Driver/Src/stm32h7xx_hal_rcc.o
LOAD Drivers/STM32H7xx_HAL_Driver/Src/stm32h7xx_hal_rcc_ex.o
LOAD Drivers/STM32H7xx_HAL_Driver/Src/stm32h7xx_hal_spi.o
LOAD Drivers/STM32H7xx_HAL_Driver/Src/stm32h7xx_hal_spi_ex.o
LOAD Drivers/STM32H7xx_HAL_Driver/Src/stm32h7xx_hal_tim.o
LOAD Drivers/STM32H7xx_HAL_Driver/Src/stm32h7xx_hal_tim_ex.o
START GROUP
LOAD c:/st/stm32cubeide_1.2.0/stm32cubeide/plugins/com.st.stm32cube.ide.mcu.externaltools.gnu-tools-for-stm32.7-2018-q2-update.win32_1.0.0.201904181610/tools/bin/../lib/gcc/arm-none-eabi/7.3.1/../../../../arm-none-eabi/lib/thumb/v7e-m/fpv5/hard\libc_nano.a
LOAD c:/st/stm32cubeide_1.2.0/stm32cubeide/plugins/com.st.stm32cube.ide.mcu.externaltools.gnu-tools-for-stm32.7-2018-q2-update.win32_1.0.0.201904181610/tools/bin/../lib/gcc/arm-none-eabi/7.3.1/../../../../arm-none-eabi/lib/thumb/v7e-m/fpv5/hard\libm.a
END GROUP
START GROUP
LOAD c:/st/stm32cubeide_1.2.0/stm32cubeide/plugins/com.st.stm32cube.ide.mcu.externaltools.gnu-tools-for-stm32.7-2018-q2-update.win32_1.0.0.201904181610/tools/bin/../lib/gcc/arm-none-eabi/7.3.1/thumb/v7e-m/fpv5/hard\libgcc.a
LOAD c:/st/stm32cubeide_1.2.0/stm32cubeide/plugins/com.st.stm32cube.ide.mcu.externaltools.gnu-tools-for-stm32.7-2018-q2-update.win32_1.0.0.201904181610/tools/bin/../lib/gcc/arm-none-eabi/7.3.1/../../../../arm-none-eabi/lib/thumb/v7e-m/fpv5/hard\libc_nano.a
END GROUP
START GROUP
LOAD c:/st/stm32cubeide_1.2.0/stm32cubeide/plugins/com.st.stm32cube.ide.mcu.externaltools.gnu-tools-for-stm32.7-2018-q2-update.win32_1.0.0.201904181610/tools/bin/../lib/gcc/arm-none-eabi/7.3.1/thumb/v7e-m/fpv5/hard\libgcc.a
LOAD c:/st/stm32cubeide_1.2.0/stm32cubeide/plugins/com.st.stm32cube.ide.mcu.externaltools.gnu-tools-for-stm32.7-2018-q2-update.win32_1.0.0.201904181610/tools/bin/../lib/gcc/arm-none-eabi/7.3.1/../../../../arm-none-eabi/lib/thumb/v7e-m/fpv5/hard\libc_nano.a
LOAD c:/st/stm32cubeide_1.2.0/stm32cubeide/plugins/com.st.stm32cube.ide.mcu.externaltools.gnu-tools-for-stm32.7-2018-q2-update.win32_1.0.0.201904181610/tools/bin/../lib/gcc/arm-none-eabi/7.3.1/../../../../arm-none-eabi/lib/thumb/v7e-m/fpv5/hard\libnosys.a
END GROUP
START GROUP
LOAD c:/st/stm32cubeide_1.2.0/stm32cubeide/plugins/com.st.stm32cube.ide.mcu.externaltools.gnu-tools-for-stm32.7-2018-q2-update.win32_1.0.0.201904181610/tools/bin/../lib/gcc/arm-none-eabi/7.3.1/thumb/v7e-m/fpv5/hard\libgcc.a
LOAD c:/st/stm32cubeide_1.2.0/stm32cubeide/plugins/com.st.stm32cube.ide.mcu.externaltools.gnu-tools-for-stm32.7-2018-q2-update.win32_1.0.0.201904181610/tools/bin/../lib/gcc/arm-none-eabi/7.3.1/../../../../arm-none-eabi/lib/thumb/v7e-m/fpv5/hard\libc_nano.a
LOAD c:/st/stm32cubeide_1.2.0/stm32cubeide/plugins/com.st.stm32cube.ide.mcu.externaltools.gnu-tools-for-stm32.7-2018-q2-update.win32_1.0.0.201904181610/tools/bin/../lib/gcc/arm-none-eabi/7.3.1/../../../../arm-none-eabi/lib/thumb/v7e-m/fpv5/hard\libnosys.a
END GROUP
LOAD c:/st/stm32cubeide_1.2.0/stm32cubeide/plugins/com.st.stm32cube.ide.mcu.externaltools.gnu-tools-for-stm32.7-2018-q2-update.win32_1.0.0.201904181610/tools/bin/../lib/gcc/arm-none-eabi/7.3.1/thumb/v7e-m/fpv5/hard/crtend.o
LOAD c:/st/stm32cubeide_1.2.0/stm32cubeide/plugins/com.st.stm32cube.ide.mcu.externaltools.gnu-tools-for-stm32.7-2018-q2-update.win32_1.0.0.201904181610/tools/bin/../lib/gcc/arm-none-eabi/7.3.1/thumb/v7e-m/fpv5/hard/crtn.o
                0x0000000024080000                _estack = (ORIGIN (RAM_D1) + LENGTH (RAM_D1))
                0x0000000000000200                _Min_Heap_Size = 0x200
                0x0000000000000400                _Min_Stack_Size = 0x400

.isr_vector     0x0000000008000000      0x298
                0x0000000008000000                . = ALIGN (0x4)
 *(.isr_vector)
 .isr_vector    0x0000000008000000      0x298 Core/Startup/startup_stm32h743zitx.o
                0x0000000008000000                g_pfnVectors
                0x0000000008000298                . = ALIGN (0x4)

.text           0x0000000008000298     0x7810
                0x0000000008000298                . = ALIGN (0x4)
 *(.text)
 .text          0x0000000008000298       0x40 c:/st/stm32cubeide_1.2.0/stm32cubeide/plugins/com.st.stm32cube.ide.mcu.externaltools.gnu-tools-for-stm32.7-2018-q2-update.win32_1.0.0.201904181610/tools/bin/../lib/gcc/arm-none-eabi/7.3.1/thumb/v7e-m/fpv5/hard/crtbegin.o
 *(.text*)
 .text.SCB_EnableICache
                0x00000000080002d8       0x40 Core/Src/main.o
 .text.SCB_EnableDCache
                0x0000000008000318       0x80 Core/Src/main.o
 .text.main     0x0000000008000398       0xb8 Core/Src/main.o
                0x0000000008000398                main
 .text.SystemClock_Config
                0x0000000008000450      0x1cc Core/Src/main.o
                0x0000000008000450                SystemClock_Config
 .text.MX_ADC1_Init
                0x000000000800061c       0xec Core/Src/main.o
 .text.MX_ADC2_Init
                0x0000000008000708       0xc8 Core/Src/main.o
 .text.MX_ADC3_Init
                0x00000000080007d0       0xc8 Core/Src/main.o
 .text.MX_ETH_Init
                0x0000000008000898       0xa4 Core/Src/main.o
 .text.MX_I2C1_Init
                0x000000000800093c       0x80 Core/Src/main.o
 .text.MX_I2C2_Init
                0x00000000080009bc       0x80 Core/Src/main.o
 .text.MX_SPI1_Init
                0x0000000008000a3c       0xa8 Core/Src/main.o
 .text.MX_TIM2_Init
                0x0000000008000ae4      0x10c Core/Src/main.o
 .text.MX_TIM3_Init
                0x0000000008000bf0      0x108 Core/Src/main.o
 .text.MX_TIM4_Init
                0x0000000008000cf8      0x110 Core/Src/main.o
 .text.MX_TIM5_Init
                0x0000000008000e08       0xec Core/Src/main.o
 .text.MX_GPIO_Init
                0x0000000008000ef4      0x2c0 Core/Src/main.o
 .text.Error_Handler
                0x00000000080011b4        0xe Core/Src/main.o
                0x00000000080011b4                Error_Handler
 *fill*         0x00000000080011c2        0x2 
 .text.HAL_MspInit
                0x00000000080011c4       0x34 Core/Src/stm32h7xx_hal_msp.o
                0x00000000080011c4                HAL_MspInit
 .text.HAL_ADC_MspInit
                0x00000000080011f8      0x220 Core/Src/stm32h7xx_hal_msp.o
                0x00000000080011f8                HAL_ADC_MspInit
 .text.HAL_ETH_MspInit
                0x0000000008001418      0x158 Core/Src/stm32h7xx_hal_msp.o
                0x0000000008001418                HAL_ETH_MspInit
 .text.HAL_I2C_MspInit
                0x0000000008001570      0x104 Core/Src/stm32h7xx_hal_msp.o
                0x0000000008001570                HAL_I2C_MspInit
 .text.HAL_SPI_MspInit
                0x0000000008001674       0xd8 Core/Src/stm32h7xx_hal_msp.o
                0x0000000008001674                HAL_SPI_MspInit
 .text.HAL_TIM_Base_MspInit
                0x000000000800174c       0xcc Core/Src/stm32h7xx_hal_msp.o
                0x000000000800174c                HAL_TIM_Base_MspInit
 .text.HAL_TIM_MspPostInit
                0x0000000008001818      0x1a8 Core/Src/stm32h7xx_hal_msp.o
                0x0000000008001818                HAL_TIM_MspPostInit
 .text.NMI_Handler
                0x00000000080019c0        0xe Core/Src/stm32h7xx_it.o
                0x00000000080019c0                NMI_Handler
 .text.HardFault_Handler
                0x00000000080019ce        0x6 Core/Src/stm32h7xx_it.o
                0x00000000080019ce                HardFault_Handler
 .text.MemManage_Handler
                0x00000000080019d4        0x6 Core/Src/stm32h7xx_it.o
                0x00000000080019d4                MemManage_Handler
 .text.BusFault_Handler
                0x00000000080019da        0x6 Core/Src/stm32h7xx_it.o
                0x00000000080019da                BusFault_Handler
 .text.UsageFault_Handler
                0x00000000080019e0        0x6 Core/Src/stm32h7xx_it.o
                0x00000000080019e0                UsageFault_Handler
 .text.SVC_Handler
                0x00000000080019e6        0xe Core/Src/stm32h7xx_it.o
                0x00000000080019e6                SVC_Handler
 .text.DebugMon_Handler
                0x00000000080019f4        0xe Core/Src/stm32h7xx_it.o
                0x00000000080019f4                DebugMon_Handler
 .text.PendSV_Handler
                0x0000000008001a02        0xe Core/Src/stm32h7xx_it.o
                0x0000000008001a02                PendSV_Handler
 .text.SysTick_Handler
                0x0000000008001a10        0xc Core/Src/stm32h7xx_it.o
                0x0000000008001a10                SysTick_Handler
 .text.SystemInit
                0x0000000008001a1c       0xc4 Core/Src/system_stm32h7xx.o
                0x0000000008001a1c                SystemInit
 .text.Reset_Handler
                0x0000000008001ae0       0x50 Core/Startup/startup_stm32h743zitx.o
                0x0000000008001ae0                Reset_Handler
 .text.Default_Handler
                0x0000000008001b30        0x2 Core/Startup/startup_stm32h743zitx.o
                0x0000000008001b30                RTC_Alarm_IRQHandler
                0x0000000008001b30                EXTI2_IRQHandler
                0x0000000008001b30                TIM8_CC_IRQHandler
                0x0000000008001b30                HRTIM1_Master_IRQHandler
                0x0000000008001b30                UART8_IRQHandler
                0x0000000008001b30                SPI4_IRQHandler
                0x0000000008001b30                TIM1_CC_IRQHandler
                0x0000000008001b30                BDMA_Channel6_IRQHandler
                0x0000000008001b30                DMA2_Stream5_IRQHandler
                0x0000000008001b30                HRTIM1_FLT_IRQHandler
                0x0000000008001b30                JPEG_IRQHandler
                0x0000000008001b30                DMA1_Stream5_IRQHandler
                0x0000000008001b30                BDMA_Channel1_IRQHandler
                0x0000000008001b30                HRTIM1_TIMD_IRQHandler
                0x0000000008001b30                TAMP_STAMP_IRQHandler
                0x0000000008001b30                EXTI3_IRQHandler
                0x0000000008001b30                LPTIM4_IRQHandler
                0x0000000008001b30                TIM8_TRG_COM_TIM14_IRQHandler
                0x0000000008001b30                LPTIM2_IRQHandler
                0x0000000008001b30                DFSDM1_FLT1_IRQHandler
                0x0000000008001b30                DMAMUX2_OVR_IRQHandler
                0x0000000008001b30                TIM8_UP_TIM13_IRQHandler
                0x0000000008001b30                I2C3_ER_IRQHandler
                0x0000000008001b30                DFSDM1_FLT2_IRQHandler
                0x0000000008001b30                MDMA_IRQHandler
                0x0000000008001b30                LPTIM3_IRQHandler
                0x0000000008001b30                HSEM1_IRQHandler
                0x0000000008001b30                EXTI0_IRQHandler
                0x0000000008001b30                I2C2_EV_IRQHandler
                0x0000000008001b30                DMA1_Stream2_IRQHandler
                0x0000000008001b30                FPU_IRQHandler
                0x0000000008001b30                OTG_HS_WKUP_IRQHandler
                0x0000000008001b30                FDCAN1_IT1_IRQHandler
                0x0000000008001b30                LTDC_ER_IRQHandler
                0x0000000008001b30                DMA2_Stream2_IRQHandler
                0x0000000008001b30                HRTIM1_TIME_IRQHandler
                0x0000000008001b30                SPI1_IRQHandler
                0x0000000008001b30                TIM6_DAC_IRQHandler
                0x0000000008001b30                DCMI_IRQHandler
                0x0000000008001b30                HRTIM1_TIMC_IRQHandler
                0x0000000008001b30                DMA2_Stream3_IRQHandler
                0x0000000008001b30                SAI2_IRQHandler
                0x0000000008001b30                DFSDM1_FLT3_IRQHandler
                0x0000000008001b30                USART6_IRQHandler
                0x0000000008001b30                TIM17_IRQHandler
                0x0000000008001b30                USART3_IRQHandler
                0x0000000008001b30                BDMA_Channel7_IRQHandler
                0x0000000008001b30                LPTIM5_IRQHandler
                0x0000000008001b30                UART5_IRQHandler
                0x0000000008001b30                ADC3_IRQHandler
                0x0000000008001b30                DMA2_Stream0_IRQHandler
                0x0000000008001b30                TIM4_IRQHandler
                0x0000000008001b30                BDMA_Channel2_IRQHandler
                0x0000000008001b30                QUADSPI_IRQHandler
                0x0000000008001b30                I2C1_EV_IRQHandler
                0x0000000008001b30                DMA1_Stream6_IRQHandler
                0x0000000008001b30                DMAMUX1_OVR_IRQHandler
                0x0000000008001b30                DMA1_Stream1_IRQHandler
                0x0000000008001b30                TIM16_IRQHandler
                0x0000000008001b30                UART4_IRQHandler
                0x0000000008001b30                BDMA_Channel5_IRQHandler
                0x0000000008001b30                TIM3_IRQHandler
                0x0000000008001b30                RCC_IRQHandler
                0x0000000008001b30                TIM8_BRK_TIM12_IRQHandler
                0x0000000008001b30                TIM1_TRG_COM_IRQHandler
                0x0000000008001b30                Default_Handler
                0x0000000008001b30                ECC_IRQHandler
                0x0000000008001b30                CEC_IRQHandler
                0x0000000008001b30                EXTI15_10_IRQHandler
                0x0000000008001b30                BDMA_Channel0_IRQHandler
                0x0000000008001b30                ADC_IRQHandler
                0x0000000008001b30                DMA1_Stream7_IRQHandler
                0x0000000008001b30                HRTIM1_TIMA_IRQHandler
                0x0000000008001b30                SPI5_IRQHandler
                0x0000000008001b30                TIM7_IRQHandler
                0x0000000008001b30                SDMMC1_IRQHandler
                0x0000000008001b30                TIM5_IRQHandler
                0x0000000008001b30                DMA2_Stream7_IRQHandler
                0x0000000008001b30                TIM15_IRQHandler
                0x0000000008001b30                PVD_AVD_IRQHandler
                0x0000000008001b30                I2C3_EV_IRQHandler
                0x0000000008001b30                EXTI9_5_IRQHandler
                0x0000000008001b30                RTC_WKUP_IRQHandler
                0x0000000008001b30                LTDC_IRQHandler
                0x0000000008001b30                SAI3_IRQHandler
                0x0000000008001b30                ETH_WKUP_IRQHandler
                0x0000000008001b30                SPDIF_RX_IRQHandler
                0x0000000008001b30                SPI2_IRQHandler
                0x0000000008001b30                OTG_HS_EP1_IN_IRQHandler
                0x0000000008001b30                DMA1_Stream0_IRQHandler
                0x0000000008001b30                CRS_IRQHandler
                0x0000000008001b30                EXTI4_IRQHandler
                0x0000000008001b30                RNG_IRQHandler
                0x0000000008001b30                HRTIM1_TIMB_IRQHandler
                0x0000000008001b30                FDCAN2_IT1_IRQHandler
                0x0000000008001b30                ETH_IRQHandler
                0x0000000008001b30                TIM1_UP_IRQHandler
                0x0000000008001b30                BDMA_Channel4_IRQHandler
                0x0000000008001b30                OTG_HS_EP1_OUT_IRQHandler
                0x0000000008001b30                WWDG_IRQHandler
                0x0000000008001b30                SPI6_IRQHandler
                0x0000000008001b30                MDIOS_IRQHandler
                0x0000000008001b30                I2C4_EV_IRQHandler
                0x0000000008001b30                FDCAN2_IT0_IRQHandler
                0x0000000008001b30                LPUART1_IRQHandler
                0x0000000008001b30                FDCAN1_IT0_IRQHandler
                0x0000000008001b30                TIM2_IRQHandler
                0x0000000008001b30                OTG_FS_WKUP_IRQHandler
                0x0000000008001b30                OTG_HS_IRQHandler
                0x0000000008001b30                DMA2D_IRQHandler
                0x0000000008001b30                TIM1_BRK_IRQHandler
                0x0000000008001b30                EXTI1_IRQHandler
                0x0000000008001b30                SDMMC2_IRQHandler
                0x0000000008001b30                OTG_FS_EP1_OUT_IRQHandler
                0x0000000008001b30                BDMA_Channel3_IRQHandler
                0x0000000008001b30                UART7_IRQHandler
                0x0000000008001b30                MDIOS_WKUP_IRQHandler
                0x0000000008001b30                USART2_IRQHandler
                0x0000000008001b30                DFSDM1_FLT0_IRQHandler
                0x0000000008001b30                SAI4_IRQHandler
                0x0000000008001b30                I2C2_ER_IRQHandler
                0x0000000008001b30                DMA2_Stream1_IRQHandler
                0x0000000008001b30                FLASH_IRQHandler
                0x0000000008001b30                DMA2_Stream4_IRQHandler
                0x0000000008001b30                USART1_IRQHandler
                0x0000000008001b30                OTG_FS_IRQHandler
                0x0000000008001b30                SPI3_IRQHandler
                0x0000000008001b30                WAKEUP_PIN_IRQHandler
                0x0000000008001b30                DMA1_Stream4_IRQHandler
                0x0000000008001b30                OTG_FS_EP1_IN_IRQHandler
                0x0000000008001b30                I2C1_ER_IRQHandler
                0x0000000008001b30                FMC_IRQHandler
                0x0000000008001b30                FDCAN_CAL_IRQHandler
                0x0000000008001b30                SWPMI1_IRQHandler
                0x0000000008001b30                COMP1_IRQHandler
                0x0000000008001b30                LPTIM1_IRQHandler
                0x0000000008001b30                I2C4_ER_IRQHandler
                0x0000000008001b30                DMA2_Stream6_IRQHandler
                0x0000000008001b30                SAI1_IRQHandler
                0x0000000008001b30                DMA1_Stream3_IRQHandler
 *fill*         0x0000000008001b32        0x2 
 .text.HAL_Init
                0x0000000008001b34       0x70 Drivers/STM32H7xx_HAL_Driver/Src/stm32h7xx_hal.o
                0x0000000008001b34                HAL_Init
 .text.HAL_InitTick
                0x0000000008001ba4       0x6c Drivers/STM32H7xx_HAL_Driver/Src/stm32h7xx_hal.o
                0x0000000008001ba4                HAL_InitTick
 .text.HAL_IncTick
                0x0000000008001c10       0x28 Drivers/STM32H7xx_HAL_Driver/Src/stm32h7xx_hal.o
                0x0000000008001c10                HAL_IncTick
 .text.HAL_GetTick
                0x0000000008001c38       0x18 Drivers/STM32H7xx_HAL_Driver/Src/stm32h7xx_hal.o
                0x0000000008001c38                HAL_GetTick
 .text.HAL_GetREVID
                0x0000000008001c50       0x18 Drivers/STM32H7xx_HAL_Driver/Src/stm32h7xx_hal.o
                0x0000000008001c50                HAL_GetREVID
 .text.HAL_SYSCFG_ETHInterfaceSelect
                0x0000000008001c68       0x28 Drivers/STM32H7xx_HAL_Driver/Src/stm32h7xx_hal.o
                0x0000000008001c68                HAL_SYSCFG_ETHInterfaceSelect
 .text.HAL_SYSCFG_AnalogSwitchConfig
                0x0000000008001c90       0x2c Drivers/STM32H7xx_HAL_Driver/Src/stm32h7xx_hal.o
                0x0000000008001c90                HAL_SYSCFG_AnalogSwitchConfig
 .text.LL_ADC_SetCommonClock
                0x0000000008001cbc       0x26 Drivers/STM32H7xx_HAL_Driver/Src/stm32h7xx_hal_adc.o
 .text.LL_ADC_SetCommonPathInternalCh
                0x0000000008001ce2       0x26 Drivers/STM32H7xx_HAL_Driver/Src/stm32h7xx_hal_adc.o
 .text.LL_ADC_GetCommonPathInternalCh
                0x0000000008001d08       0x1c Drivers/STM32H7xx_HAL_Driver/Src/stm32h7xx_hal_adc.o
 .text.LL_ADC_SetOffset
                0x0000000008001d24       0x3a Drivers/STM32H7xx_HAL_Driver/Src/stm32h7xx_hal_adc.o
 .text.LL_ADC_SetDataRightShift
                0x0000000008001d5e       0x32 Drivers/STM32H7xx_HAL_Driver/Src/stm32h7xx_hal_adc.o
 .text.LL_ADC_SetOffsetSignedSaturation
                0x0000000008001d90       0x30 Drivers/STM32H7xx_HAL_Driver/Src/stm32h7xx_hal_adc.o
 .text.LL_ADC_REG_SetSequencerRanks
                0x0000000008001dc0       0x52 Drivers/STM32H7xx_HAL_Driver/Src/stm32h7xx_hal_adc.o
 .text.LL_ADC_SetChannelSamplingTime
                0x0000000008001e12       0x50 Drivers/STM32H7xx_HAL_Driver/Src/stm32h7xx_hal_adc.o
 *fill*         0x0000000008001e62        0x2 
 .text.LL_ADC_SetChannelSingleDiff
                0x0000000008001e64       0x48 Drivers/STM32H7xx_HAL_Driver/Src/stm32h7xx_hal_adc.o
 .text.LL_ADC_DisableDeepPowerDown
                0x0000000008001eac       0x24 Drivers/STM32H7xx_HAL_Driver/Src/stm32h7xx_hal_adc.o
 .text.LL_ADC_IsDeepPowerDownEnabled
                0x0000000008001ed0       0x28 Drivers/STM32H7xx_HAL_Driver/Src/stm32h7xx_hal_adc.o
 .text.LL_ADC_EnableInternalRegulator
                0x0000000008001ef8       0x28 Drivers/STM32H7xx_HAL_Driver/Src/stm32h7xx_hal_adc.o
 .text.LL_ADC_IsInternalRegulatorEnabled
                0x0000000008001f20       0x28 Drivers/STM32H7xx_HAL_Driver/Src/stm32h7xx_hal_adc.o
 .text.LL_ADC_IsEnabled
                0x0000000008001f48       0x26 Drivers/STM32H7xx_HAL_Driver/Src/stm32h7xx_hal_adc.o
 .text.LL_ADC_REG_IsConversionOngoing
                0x0000000008001f6e       0x26 Drivers/STM32H7xx_HAL_Driver/Src/stm32h7xx_hal_adc.o
 .text.LL_ADC_INJ_IsConversionOngoing
                0x0000000008001f94       0x26 Drivers/STM32H7xx_HAL_Driver/Src/stm32h7xx_hal_adc.o
 *fill*         0x0000000008001fba        0x2 
 .text.HAL_ADC_Init
                0x0000000008001fbc      0x340 Drivers/STM32H7xx_HAL_Driver/Src/stm32h7xx_hal_adc.o
                0x0000000008001fbc                HAL_ADC_Init
 .text.HAL_ADC_ConfigChannel
                0x00000000080022fc      0x628 Drivers/STM32H7xx_HAL_Driver/Src/stm32h7xx_hal_adc.o
                0x00000000080022fc                HAL_ADC_ConfigChannel
 .text.ADC_ConfigureBoostMode
                0x0000000008002924      0x1f0 Drivers/STM32H7xx_HAL_Driver/Src/stm32h7xx_hal_adc.o
                0x0000000008002924                ADC_ConfigureBoostMode
 .text.LL_ADC_IsEnabled
                0x0000000008002b14       0x26 Drivers/STM32H7xx_HAL_Driver/Src/stm32h7xx_hal_adc_ex.o
 .text.LL_ADC_REG_IsConversionOngoing
                0x0000000008002b3a       0x26 Drivers/STM32H7xx_HAL_Driver/Src/stm32h7xx_hal_adc_ex.o
 .text.HAL_ADCEx_MultiModeConfigChannel
                0x0000000008002b60      0x1b4 Drivers/STM32H7xx_HAL_Driver/Src/stm32h7xx_hal_adc_ex.o
                0x0000000008002b60                HAL_ADCEx_MultiModeConfigChannel
 .text.__NVIC_SetPriorityGrouping
                0x0000000008002d14       0x48 Drivers/STM32H7xx_HAL_Driver/Src/stm32h7xx_hal_cortex.o
 .text.__NVIC_GetPriorityGrouping
                0x0000000008002d5c       0x1c Drivers/STM32H7xx_HAL_Driver/Src/stm32h7xx_hal_cortex.o
 .text.__NVIC_SetPriority
                0x0000000008002d78       0x54 Drivers/STM32H7xx_HAL_Driver/Src/stm32h7xx_hal_cortex.o
 .text.NVIC_EncodePriority
                0x0000000008002dcc       0x66 Drivers/STM32H7xx_HAL_Driver/Src/stm32h7xx_hal_cortex.o
 *fill*         0x0000000008002e32        0x2 
 .text.SysTick_Config
                0x0000000008002e34       0x44 Drivers/STM32H7xx_HAL_Driver/Src/stm32h7xx_hal_cortex.o
 .text.HAL_NVIC_SetPriorityGrouping
                0x0000000008002e78       0x16 Drivers/STM32H7xx_HAL_Driver/Src/stm32h7xx_hal_cortex.o
                0x0000000008002e78                HAL_NVIC_SetPriorityGrouping
 .text.HAL_NVIC_SetPriority
                0x0000000008002e8e       0x34 Drivers/STM32H7xx_HAL_Driver/Src/stm32h7xx_hal_cortex.o
                0x0000000008002e8e                HAL_NVIC_SetPriority
 .text.HAL_SYSTICK_Config
                0x0000000008002ec2       0x18 Drivers/STM32H7xx_HAL_Driver/Src/stm32h7xx_hal_cortex.o
                0x0000000008002ec2                HAL_SYSTICK_Config
 *fill*         0x0000000008002eda        0x2 
 .text.HAL_ETH_Init
                0x0000000008002edc      0x1b4 Drivers/STM32H7xx_HAL_Driver/Src/stm32h7xx_hal_eth.o
                0x0000000008002edc                HAL_ETH_Init
 .text.ETH_SetMACConfig
                0x0000000008003090      0x238 Drivers/STM32H7xx_HAL_Driver/Src/stm32h7xx_hal_eth.o
 .text.ETH_SetDMAConfig
                0x00000000080032c8      0x10c Drivers/STM32H7xx_HAL_Driver/Src/stm32h7xx_hal_eth.o
 .text.ETH_MACDMAConfig
                0x00000000080033d4      0x13a Drivers/STM32H7xx_HAL_Driver/Src/stm32h7xx_hal_eth.o
 *fill*         0x000000000800350e        0x2 
 .text.ETH_MAC_MDIO_ClkConfig
                0x0000000008003510       0xb0 Drivers/STM32H7xx_HAL_Driver/Src/stm32h7xx_hal_eth.o
 .text.ETH_DMATxDescListInit
                0x00000000080035c0       0x8e Drivers/STM32H7xx_HAL_Driver/Src/stm32h7xx_hal_eth.o
 .text.ETH_DMARxDescListInit
                0x000000000800364e       0xba Drivers/STM32H7xx_HAL_Driver/Src/stm32h7xx_hal_eth.o
 .text.HAL_GPIO_Init
                0x0000000008003708      0x360 Drivers/STM32H7xx_HAL_Driver/Src/stm32h7xx_hal_gpio.o
                0x0000000008003708                HAL_GPIO_Init
 .text.HAL_GPIO_WritePin
                0x0000000008003a68       0x32 Drivers/STM32H7xx_HAL_Driver/Src/stm32h7xx_hal_gpio.o
                0x0000000008003a68                HAL_GPIO_WritePin
 *fill*         0x0000000008003a9a        0x2 
 .text.HAL_I2C_Init
                0x0000000008003a9c      0x120 Drivers/STM32H7xx_HAL_Driver/Src/stm32h7xx_hal_i2c.o
                0x0000000008003a9c                HAL_I2C_Init
 .text.HAL_I2CEx_ConfigAnalogFilter
                0x0000000008003bbc       0x96 Drivers/STM32H7xx_HAL_Driver/Src/stm32h7xx_hal_i2c_ex.o
                0x0000000008003bbc                HAL_I2CEx_ConfigAnalogFilter
 .text.HAL_I2CEx_ConfigDigitalFilter
                0x0000000008003c52       0x98 Drivers/STM32H7xx_HAL_Driver/Src/stm32h7xx_hal_i2c_ex.o
                0x0000000008003c52                HAL_I2CEx_ConfigDigitalFilter
 *fill*         0x0000000008003cea        0x2 
 .text.HAL_PWREx_ConfigSupply
                0x0000000008003cec       0x74 Drivers/STM32H7xx_HAL_Driver/Src/stm32h7xx_hal_pwr_ex.o
                0x0000000008003cec                HAL_PWREx_ConfigSupply
 .text.HAL_RCC_OscConfig
                0x0000000008003d60      0x7b0 Drivers/STM32H7xx_HAL_Driver/Src/stm32h7xx_hal_rcc.o
                0x0000000008003d60                HAL_RCC_OscConfig
 .text.HAL_RCC_ClockConfig
                0x0000000008004510      0x348 Drivers/STM32H7xx_HAL_Driver/Src/stm32h7xx_hal_rcc.o
                0x0000000008004510                HAL_RCC_ClockConfig
 .text.HAL_RCC_GetSysClockFreq
                0x0000000008004858      0x2e4 Drivers/STM32H7xx_HAL_Driver/Src/stm32h7xx_hal_rcc.o
                0x0000000008004858                HAL_RCC_GetSysClockFreq
 .text.HAL_RCC_GetHCLKFreq
                0x0000000008004b3c       0x38 Drivers/STM32H7xx_HAL_Driver/Src/stm32h7xx_hal_rcc.o
                0x0000000008004b3c                HAL_RCC_GetHCLKFreq
 .text.HAL_RCCEx_PeriphCLKConfig
                0x0000000008004b74      0xdbc Drivers/STM32H7xx_HAL_Driver/Src/stm32h7xx_hal_rcc_ex.o
                0x0000000008004b74                HAL_RCCEx_PeriphCLKConfig
 .text.HAL_RCCEx_GetPeriphCLKFreq
                0x0000000008005930      0x4f0 Drivers/STM32H7xx_HAL_Driver/Src/stm32h7xx_hal_rcc_ex.o
                0x0000000008005930                HAL_RCCEx_GetPeriphCLKFreq
 .text.HAL_RCCEx_GetD3PCLK1Freq
                0x0000000008005e20       0x2c Drivers/STM32H7xx_HAL_Driver/Src/stm32h7xx_hal_rcc_ex.o
                0x0000000008005e20                HAL_RCCEx_GetD3PCLK1Freq
 .text.HAL_RCCEx_GetPLL2ClockFreq
                0x0000000008005e4c      0x298 Drivers/STM32H7xx_HAL_Driver/Src/stm32h7xx_hal_rcc_ex.o
                0x0000000008005e4c                HAL_RCCEx_GetPLL2ClockFreq
 .text.HAL_RCCEx_GetPLL3ClockFreq
                0x00000000080060e4      0x298 Drivers/STM32H7xx_HAL_Driver/Src/stm32h7xx_hal_rcc_ex.o
                0x00000000080060e4                HAL_RCCEx_GetPLL3ClockFreq
 .text.HAL_RCCEx_GetPLL1ClockFreq
                0x000000000800637c      0x298 Drivers/STM32H7xx_HAL_Driver/Src/stm32h7xx_hal_rcc_ex.o
                0x000000000800637c                HAL_RCCEx_GetPLL1ClockFreq
 .text.HAL_RCCEx_GetD1SysClockFreq
                0x0000000008006614       0x38 Drivers/STM32H7xx_HAL_Driver/Src/stm32h7xx_hal_rcc_ex.o
                0x0000000008006614                HAL_RCCEx_GetD1SysClockFreq
 .text.RCCEx_PLL2_Config
                0x000000000800664c      0x164 Drivers/STM32H7xx_HAL_Driver/Src/stm32h7xx_hal_rcc_ex.o
 .text.RCCEx_PLL3_Config
                0x00000000080067b0      0x164 Drivers/STM32H7xx_HAL_Driver/Src/stm32h7xx_hal_rcc_ex.o
 .text.HAL_SPI_Init
                0x0000000008006914      0x1f0 Drivers/STM32H7xx_HAL_Driver/Src/stm32h7xx_hal_spi.o
                0x0000000008006914                HAL_SPI_Init
 .text.SPI_GetPacketSize
                0x0000000008006b04       0x36 Drivers/STM32H7xx_HAL_Driver/Src/stm32h7xx_hal_spi.o
 .text.HAL_TIM_Base_Init
                0x0000000008006b3a       0x56 Drivers/STM32H7xx_HAL_Driver/Src/stm32h7xx_hal_tim.o
                0x0000000008006b3a                HAL_TIM_Base_Init
 .text.HAL_TIM_Base_Start
                0x0000000008006b90       0x54 Drivers/STM32H7xx_HAL_Driver/Src/stm32h7xx_hal_tim.o
                0x0000000008006b90                HAL_TIM_Base_Start
 .text.HAL_TIM_PWM_Init
                0x0000000008006be4       0x56 Drivers/STM32H7xx_HAL_Driver/Src/stm32h7xx_hal_tim.o
                0x0000000008006be4                HAL_TIM_PWM_Init
 .text.HAL_TIM_PWM_MspInit
                0x0000000008006c3a       0x14 Drivers/STM32H7xx_HAL_Driver/Src/stm32h7xx_hal_tim.o
                0x0000000008006c3a                HAL_TIM_PWM_MspInit
 *fill*         0x0000000008006c4e        0x2 
 .text.HAL_TIM_PWM_Start
                0x0000000008006c50       0xb0 Drivers/STM32H7xx_HAL_Driver/Src/stm32h7xx_hal_tim.o
                0x0000000008006c50                HAL_TIM_PWM_Start
 .text.HAL_TIM_PWM_ConfigChannel
                0x0000000008006d00      0x230 Drivers/STM32H7xx_HAL_Driver/Src/stm32h7xx_hal_tim.o
                0x0000000008006d00                HAL_TIM_PWM_ConfigChannel
 .text.HAL_TIM_ConfigClockSource
                0x0000000008006f30      0x1a0 Drivers/STM32H7xx_HAL_Driver/Src/stm32h7xx_hal_tim.o
                0x0000000008006f30                HAL_TIM_ConfigClockSource
 .text.TIM_Base_SetConfig
                0x00000000080070d0      0x134 Drivers/STM32H7xx_HAL_Driver/Src/stm32h7xx_hal_tim.o
                0x00000000080070d0                TIM_Base_SetConfig
 .text.TIM_OC1_SetConfig
                0x0000000008007204      0x120 Drivers/STM32H7xx_HAL_Driver/Src/stm32h7xx_hal_tim.o
 .text.TIM_OC2_SetConfig
                0x0000000008007324      0x114 Drivers/STM32H7xx_HAL_Driver/Src/stm32h7xx_hal_tim.o
                0x0000000008007324                TIM_OC2_SetConfig
 .text.TIM_OC3_SetConfig
                0x0000000008007438      0x10c Drivers/STM32H7xx_HAL_Driver/Src/stm32h7xx_hal_tim.o
 .text.TIM_OC4_SetConfig
                0x0000000008007544       0xd0 Drivers/STM32H7xx_HAL_Driver/Src/stm32h7xx_hal_tim.o
 .text.TIM_OC5_SetConfig
                0x0000000008007614       0xc4 Drivers/STM32H7xx_HAL_Driver/Src/stm32h7xx_hal_tim.o
 .text.TIM_OC6_SetConfig
                0x00000000080076d8       0xc8 Drivers/STM32H7xx_HAL_Driver/Src/stm32h7xx_hal_tim.o
 .text.TIM_TI1_ConfigInputStage
                0x00000000080077a0       0x5e Drivers/STM32H7xx_HAL_Driver/Src/stm32h7xx_hal_tim.o
 .text.TIM_TI2_ConfigInputStage
                0x00000000080077fe       0x60 Drivers/STM32H7xx_HAL_Driver/Src/stm32h7xx_hal_tim.o
 *fill*         0x000000000800785e        0x2 
 .text.TIM_ITRx_SetConfig
                0x0000000008007860       0x3c Drivers/STM32H7xx_HAL_Driver/Src/stm32h7xx_hal_tim.o
 .text.TIM_ETR_SetConfig
                0x000000000800789c       0x40 Drivers/STM32H7xx_HAL_Driver/Src/stm32h7xx_hal_tim.o
                0x000000000800789c                TIM_ETR_SetConfig
 .text.TIM_CCxChannelCmd
                0x00000000080078dc       0x4a Drivers/STM32H7xx_HAL_Driver/Src/stm32h7xx_hal_tim.o
                0x00000000080078dc                TIM_CCxChannelCmd
 *fill*         0x0000000008007926        0x2 
 .text.HAL_TIMEx_MasterConfigSynchronization
                0x0000000008007928      0x110 Drivers/STM32H7xx_HAL_Driver/Src/stm32h7xx_hal_tim_ex.o
                0x0000000008007928                HAL_TIMEx_MasterConfigSynchronization
 .text.__libc_init_array
                0x0000000008007a38       0x48 c:/st/stm32cubeide_1.2.0/stm32cubeide/plugins/com.st.stm32cube.ide.mcu.externaltools.gnu-tools-for-stm32.7-2018-q2-update.win32_1.0.0.201904181610/tools/bin/../lib/gcc/arm-none-eabi/7.3.1/../../../../arm-none-eabi/lib/thumb/v7e-m/fpv5/hard\libc_nano.a(lib_a-init.o)
                0x0000000008007a38                __libc_init_array
 .text.memset   0x0000000008007a80       0x10 c:/st/stm32cubeide_1.2.0/stm32cubeide/plugins/com.st.stm32cube.ide.mcu.externaltools.gnu-tools-for-stm32.7-2018-q2-update.win32_1.0.0.201904181610/tools/bin/../lib/gcc/arm-none-eabi/7.3.1/../../../../arm-none-eabi/lib/thumb/v7e-m/fpv5/hard\libc_nano.a(lib_a-memset.o)
                0x0000000008007a80                memset
 *(.glue_7)
 .glue_7        0x0000000008007a90        0x0 linker stubs
 *(.glue_7t)
 .glue_7t       0x0000000008007a90        0x0 linker stubs
 *(.eh_frame)
 .eh_frame      0x0000000008007a90        0x0 c:/st/stm32cubeide_1.2.0/stm32cubeide/plugins/com.st.stm32cube.ide.mcu.externaltools.gnu-tools-for-stm32.7-2018-q2-update.win32_1.0.0.201904181610/tools/bin/../lib/gcc/arm-none-eabi/7.3.1/thumb/v7e-m/fpv5/hard/crtbegin.o
 *(.init)
 .init          0x0000000008007a90        0x4 c:/st/stm32cubeide_1.2.0/stm32cubeide/plugins/com.st.stm32cube.ide.mcu.externaltools.gnu-tools-for-stm32.7-2018-q2-update.win32_1.0.0.201904181610/tools/bin/../lib/gcc/arm-none-eabi/7.3.1/thumb/v7e-m/fpv5/hard/crti.o
                0x0000000008007a90                _init
 .init          0x0000000008007a94        0x8 c:/st/stm32cubeide_1.2.0/stm32cubeide/plugins/com.st.stm32cube.ide.mcu.externaltools.gnu-tools-for-stm32.7-2018-q2-update.win32_1.0.0.201904181610/tools/bin/../lib/gcc/arm-none-eabi/7.3.1/thumb/v7e-m/fpv5/hard/crtn.o
 *(.fini)
 .fini          0x0000000008007a9c        0x4 c:/st/stm32cubeide_1.2.0/stm32cubeide/plugins/com.st.stm32cube.ide.mcu.externaltools.gnu-tools-for-stm32.7-2018-q2-update.win32_1.0.0.201904181610/tools/bin/../lib/gcc/arm-none-eabi/7.3.1/thumb/v7e-m/fpv5/hard/crti.o
                0x0000000008007a9c                _fini
 .fini          0x0000000008007aa0        0x8 c:/st/stm32cubeide_1.2.0/stm32cubeide/plugins/com.st.stm32cube.ide.mcu.externaltools.gnu-tools-for-stm32.7-2018-q2-update.win32_1.0.0.201904181610/tools/bin/../lib/gcc/arm-none-eabi/7.3.1/thumb/v7e-m/fpv5/hard/crtn.o
                0x0000000008007aa8                . = ALIGN (0x4)
                0x0000000008007aa8                _etext = .

.vfp11_veneer   0x0000000008007aa8        0x0
 .vfp11_veneer  0x0000000008007aa8        0x0 linker stubs

.v4_bx          0x0000000008007aa8        0x0
 .v4_bx         0x0000000008007aa8        0x0 linker stubs

.iplt           0x0000000008007aa8        0x0
 .iplt          0x0000000008007aa8        0x0 c:/st/stm32cubeide_1.2.0/stm32cubeide/plugins/com.st.stm32cube.ide.mcu.externaltools.gnu-tools-for-stm32.7-2018-q2-update.win32_1.0.0.201904181610/tools/bin/../lib/gcc/arm-none-eabi/7.3.1/thumb/v7e-m/fpv5/hard/crtbegin.o

.rodata         0x0000000008007aa8       0x10
                0x0000000008007aa8                . = ALIGN (0x4)
 *(.rodata)
 *(.rodata*)
 .rodata.D1CorePrescTable
                0x0000000008007aa8       0x10 Core/Src/system_stm32h7xx.o
                0x0000000008007aa8                D1CorePrescTable
                0x0000000008007ab8                . = ALIGN (0x4)

.rel.dyn        0x0000000008007ab8        0x0
 .rel.iplt      0x0000000008007ab8        0x0 c:/st/stm32cubeide_1.2.0/stm32cubeide/plugins/com.st.stm32cube.ide.mcu.externaltools.gnu-tools-for-stm32.7-2018-q2-update.win32_1.0.0.201904181610/tools/bin/../lib/gcc/arm-none-eabi/7.3.1/thumb/v7e-m/fpv5/hard/crtbegin.o

.ARM.extab      0x0000000008007ab8        0x0
                0x0000000008007ab8                . = ALIGN (0x4)
 *(.ARM.extab* .gnu.linkonce.armextab.*)
                0x0000000008007ab8                . = ALIGN (0x4)

.ARM            0x0000000008007ab8        0x0
                0x0000000008007ab8                . = ALIGN (0x4)
                0x0000000008007ab8                __exidx_start = .
 *(.ARM.exidx*)
                0x0000000008007ab8                __exidx_end = .
                0x0000000008007ab8                . = ALIGN (0x4)

.preinit_array  0x0000000008007ab8        0x0
                0x0000000008007ab8                . = ALIGN (0x4)
                0x0000000008007ab8                PROVIDE (__preinit_array_start = .)
 *(.preinit_array*)
                0x0000000008007ab8                PROVIDE (__preinit_array_end = .)
                0x0000000008007ab8                . = ALIGN (0x4)

.init_array     0x0000000008007ab8        0x4
                0x0000000008007ab8                . = ALIGN (0x4)
                0x0000000008007ab8                PROVIDE (__init_array_start = .)
 *(SORT_BY_NAME(.init_array.*))
 *(.init_array*)
 .init_array    0x0000000008007ab8        0x4 c:/st/stm32cubeide_1.2.0/stm32cubeide/plugins/com.st.stm32cube.ide.mcu.externaltools.gnu-tools-for-stm32.7-2018-q2-update.win32_1.0.0.201904181610/tools/bin/../lib/gcc/arm-none-eabi/7.3.1/thumb/v7e-m/fpv5/hard/crtbegin.o
                0x0000000008007abc                PROVIDE (__init_array_end = .)
                0x0000000008007abc                . = ALIGN (0x4)

.fini_array     0x0000000008007abc        0x4
                0x0000000008007abc                . = ALIGN (0x4)
                [!provide]                        PROVIDE (__fini_array_start = .)
 *(SORT_BY_NAME(.fini_array.*))
 *(.fini_array*)
 .fini_array    0x0000000008007abc        0x4 c:/st/stm32cubeide_1.2.0/stm32cubeide/plugins/com.st.stm32cube.ide.mcu.externaltools.gnu-tools-for-stm32.7-2018-q2-update.win32_1.0.0.201904181610/tools/bin/../lib/gcc/arm-none-eabi/7.3.1/thumb/v7e-m/fpv5/hard/crtbegin.o
                [!provide]                        PROVIDE (__fini_array_end = .)
                0x0000000008007ac0                . = ALIGN (0x4)
                0x0000000008007ac0                _sidata = LOADADDR (.data)

.data           0x0000000024000000       0x10 load address 0x0000000008007ac0
                0x0000000024000000                . = ALIGN (0x4)
                0x0000000024000000                _sdata = .
 *(.data)
 *(.data*)
 .data.SystemCoreClock
                0x0000000024000000        0x4 Core/Src/system_stm32h7xx.o
                0x0000000024000000                SystemCoreClock
 .data.SystemD2Clock
                0x0000000024000004        0x4 Core/Src/system_stm32h7xx.o
                0x0000000024000004                SystemD2Clock
 .data.uwTickPrio
                0x0000000024000008        0x4 Drivers/STM32H7xx_HAL_Driver/Src/stm32h7xx_hal.o
                0x0000000024000008                uwTickPrio
 .data.uwTickFreq
                0x000000002400000c        0x1 Drivers/STM32H7xx_HAL_Driver/Src/stm32h7xx_hal.o
                0x000000002400000c                uwTickFreq
                0x0000000024000010                . = ALIGN (0x4)
 *fill*         0x000000002400000d        0x3 
                0x0000000024000010                _edata = .

.igot.plt       0x0000000024000010        0x0 load address 0x0000000008007ad0
 .igot.plt      0x0000000024000010        0x0 c:/st/stm32cubeide_1.2.0/stm32cubeide/plugins/com.st.stm32cube.ide.mcu.externaltools.gnu-tools-for-stm32.7-2018-q2-update.win32_1.0.0.201904181610/tools/bin/../lib/gcc/arm-none-eabi/7.3.1/thumb/v7e-m/fpv5/hard/crtbegin.o

.RxDecripSection
                0x0000000024000010       0x60 load address 0x0000000008007ad0
 .RxDecripSection
                0x0000000024000010       0x60 Core/Src/main.o
                0x0000000024000010                DMARxDscrTab

.TxDecripSection
                0x0000000024000070       0x60 load address 0x0000000008007b30
 .TxDecripSection
                0x0000000024000070       0x60 Core/Src/main.o
                0x0000000024000070                DMATxDscrTab
                0x00000000240000d0                . = ALIGN (0x4)

.bss            0x00000000240000d0      0x414 load address 0x0000000008007b90
                0x00000000240000d0                _sbss = .
                0x00000000240000d0                __bss_start__ = _sbss
 *(.bss)
 .bss           0x00000000240000d0       0x1c c:/st/stm32cubeide_1.2.0/stm32cubeide/plugins/com.st.stm32cube.ide.mcu.externaltools.gnu-tools-for-stm32.7-2018-q2-update.win32_1.0.0.201904181610/tools/bin/../lib/gcc/arm-none-eabi/7.3.1/thumb/v7e-m/fpv5/hard/crtbegin.o
 *(.bss*)
 .bss.HAL_RCC_ADC12_CLK_ENABLED
                0x00000000240000ec        0x4 Core/Src/stm32h7xx_hal_msp.o
 *(COMMON)
 COMMON         0x00000000240000f0      0x3f0 Core/Src/main.o
                0x00000000240000f0                htim4
                0x0000000024000130                hadc2
                0x0000000024000194                hi2c1
                0x00000000240001e0                hi2c2
                0x000000002400022c                htim5
                0x000000002400026c                htim3
                0x00000000240002ac                hadc1
                0x0000000024000310                hadc3
                0x0000000024000374                hspi1
                0x00000000240003fc                htim2
                0x000000002400043c                heth
                0x00000000240004ac                TxConfig
 COMMON         0x00000000240004e0        0x4 Drivers/STM32H7xx_HAL_Driver/Src/stm32h7xx_hal.o
                0x00000000240004e0                uwTick
                0x00000000240004e4                . = ALIGN (0x4)
                0x00000000240004e4                _ebss = .
                0x00000000240004e4                __bss_end__ = _ebss

._user_heap_stack
                0x00000000240004e4      0x604 load address 0x0000000008007b90
                0x00000000240004e8                . = ALIGN (0x8)
 *fill*         0x00000000240004e4        0x4 
                0x00000000240004e8                PROVIDE (end = .)
                [!provide]                        PROVIDE (_end = .)
                0x00000000240006e8                . = (. + _Min_Heap_Size)
 *fill*         0x00000000240004e8      0x200 
                0x0000000024000ae8                . = (. + _Min_Stack_Size)
 *fill*         0x00000000240006e8      0x400 
                0x0000000024000ae8                . = ALIGN (0x8)

/DISCARD/
 libc.a(*)
 libm.a(*)
 libgcc.a(*)

.ARM.attributes
                0x0000000000000000       0x2e
 *(.ARM.attributes)
 .ARM.attributes
                0x0000000000000000       0x20 c:/st/stm32cubeide_1.2.0/stm32cubeide/plugins/com.st.stm32cube.ide.mcu.externaltools.gnu-tools-for-stm32.7-2018-q2-update.win32_1.0.0.201904181610/tools/bin/../lib/gcc/arm-none-eabi/7.3.1/thumb/v7e-m/fpv5/hard/crti.o
 .ARM.attributes
                0x0000000000000020       0x32 c:/st/stm32cubeide_1.2.0/stm32cubeide/plugins/com.st.stm32cube.ide.mcu.externaltools.gnu-tools-for-stm32.7-2018-q2-update.win32_1.0.0.201904181610/tools/bin/../lib/gcc/arm-none-eabi/7.3.1/thumb/v7e-m/fpv5/hard/crtbegin.o
 .ARM.attributes
                0x0000000000000052       0x37 Core/Src/main.o
 .ARM.attributes
                0x0000000000000089       0x37 Core/Src/stm32h7xx_hal_msp.o
 .ARM.attributes
                0x00000000000000c0       0x37 Core/Src/stm32h7xx_it.o
 .ARM.attributes
                0x00000000000000f7       0x37 Core/Src/system_stm32h7xx.o
 .ARM.attributes
                0x000000000000012e       0x21 Core/Startup/startup_stm32h743zitx.o
 .ARM.attributes
                0x000000000000014f       0x37 Drivers/STM32H7xx_HAL_Driver/Src/stm32h7xx_hal.o
 .ARM.attributes
                0x0000000000000186       0x37 Drivers/STM32H7xx_HAL_Driver/Src/stm32h7xx_hal_adc.o
 .ARM.attributes
                0x00000000000001bd       0x37 Drivers/STM32H7xx_HAL_Driver/Src/stm32h7xx_hal_adc_ex.o
 .ARM.attributes
                0x00000000000001f4       0x37 Drivers/STM32H7xx_HAL_Driver/Src/stm32h7xx_hal_cortex.o
 .ARM.attributes
                0x000000000000022b       0x37 Drivers/STM32H7xx_HAL_Driver/Src/stm32h7xx_hal_eth.o
 .ARM.attributes
                0x0000000000000262       0x37 Drivers/STM32H7xx_HAL_Driver/Src/stm32h7xx_hal_gpio.o
 .ARM.attributes
                0x0000000000000299       0x37 Drivers/STM32H7xx_HAL_Driver/Src/stm32h7xx_hal_i2c.o
 .ARM.attributes
                0x00000000000002d0       0x37 Drivers/STM32H7xx_HAL_Driver/Src/stm32h7xx_hal_i2c_ex.o
 .ARM.attributes
                0x0000000000000307       0x37 Drivers/STM32H7xx_HAL_Driver/Src/stm32h7xx_hal_pwr_ex.o
 .ARM.attributes
                0x000000000000033e       0x37 Drivers/STM32H7xx_HAL_Driver/Src/stm32h7xx_hal_rcc.o
 .ARM.attributes
                0x0000000000000375       0x37 Drivers/STM32H7xx_HAL_Driver/Src/stm32h7xx_hal_rcc_ex.o
 .ARM.attributes
                0x00000000000003ac       0x37 Drivers/STM32H7xx_HAL_Driver/Src/stm32h7xx_hal_spi.o
 .ARM.attributes
                0x00000000000003e3       0x37 Drivers/STM32H7xx_HAL_Driver/Src/stm32h7xx_hal_tim.o
 .ARM.attributes
                0x000000000000041a       0x37 Drivers/STM32H7xx_HAL_Driver/Src/stm32h7xx_hal_tim_ex.o
 .ARM.attributes
                0x0000000000000451       0x32 c:/st/stm32cubeide_1.2.0/stm32cubeide/plugins/com.st.stm32cube.ide.mcu.externaltools.gnu-tools-for-stm32.7-2018-q2-update.win32_1.0.0.201904181610/tools/bin/../lib/gcc/arm-none-eabi/7.3.1/../../../../arm-none-eabi/lib/thumb/v7e-m/fpv5/hard\libc_nano.a(lib_a-init.o)
 .ARM.attributes
                0x0000000000000483       0x32 c:/st/stm32cubeide_1.2.0/stm32cubeide/plugins/com.st.stm32cube.ide.mcu.externaltools.gnu-tools-for-stm32.7-2018-q2-update.win32_1.0.0.201904181610/tools/bin/../lib/gcc/arm-none-eabi/7.3.1/../../../../arm-none-eabi/lib/thumb/v7e-m/fpv5/hard\libc_nano.a(lib_a-memset.o)
 .ARM.attributes
                0x00000000000004b5       0x20 c:/st/stm32cubeide_1.2.0/stm32cubeide/plugins/com.st.stm32cube.ide.mcu.externaltools.gnu-tools-for-stm32.7-2018-q2-update.win32_1.0.0.201904181610/tools/bin/../lib/gcc/arm-none-eabi/7.3.1/thumb/v7e-m/fpv5/hard/crtn.o
OUTPUT(NucleoPinout.elf elf32-littlearm)

.debug_info     0x0000000000000000    0x24cb8
 .debug_info    0x0000000000000000     0x3da4 Core/Src/main.o
 .debug_info    0x0000000000003da4     0x3101 Core/Src/stm32h7xx_hal_msp.o
 .debug_info    0x0000000000006ea5      0xb36 Core/Src/stm32h7xx_it.o
 .debug_info    0x00000000000079db     0x1322 Core/Src/system_stm32h7xx.o
 .debug_info    0x0000000000008cfd       0x22 Core/Startup/startup_stm32h743zitx.o
 .debug_info    0x0000000000008d1f     0x1def Drivers/STM32H7xx_HAL_Driver/Src/stm32h7xx_hal.o
 .debug_info    0x000000000000ab0e     0x25a0 Drivers/STM32H7xx_HAL_Driver/Src/stm32h7xx_hal_adc.o
 .debug_info    0x000000000000d0ae     0x26d5 Drivers/STM32H7xx_HAL_Driver/Src/stm32h7xx_hal_adc_ex.o
 .debug_info    0x000000000000f783     0x1a74 Drivers/STM32H7xx_HAL_Driver/Src/stm32h7xx_hal_cortex.o
 .debug_info    0x00000000000111f7     0x2efa Drivers/STM32H7xx_HAL_Driver/Src/stm32h7xx_hal_eth.o
 .debug_info    0x00000000000140f1     0x1640 Drivers/STM32H7xx_HAL_Driver/Src/stm32h7xx_hal_gpio.o
 .debug_info    0x0000000000015731     0x2a0f Drivers/STM32H7xx_HAL_Driver/Src/stm32h7xx_hal_i2c.o
 .debug_info    0x0000000000018140     0x1714 Drivers/STM32H7xx_HAL_Driver/Src/stm32h7xx_hal_i2c_ex.o
 .debug_info    0x0000000000019854     0x1915 Drivers/STM32H7xx_HAL_Driver/Src/stm32h7xx_hal_pwr_ex.o
 .debug_info    0x000000000001b169     0x177e Drivers/STM32H7xx_HAL_Driver/Src/stm32h7xx_hal_rcc.o
 .debug_info    0x000000000001c8e7     0x18d9 Drivers/STM32H7xx_HAL_Driver/Src/stm32h7xx_hal_rcc_ex.o
 .debug_info    0x000000000001e1c0     0x1da0 Drivers/STM32H7xx_HAL_Driver/Src/stm32h7xx_hal_spi.o
 .debug_info    0x000000000001ff60     0x3050 Drivers/STM32H7xx_HAL_Driver/Src/stm32h7xx_hal_tim.o
 .debug_info    0x0000000000022fb0     0x1d08 Drivers/STM32H7xx_HAL_Driver/Src/stm32h7xx_hal_tim_ex.o

.debug_abbrev   0x0000000000000000     0x3135
 .debug_abbrev  0x0000000000000000      0x2de Core/Src/main.o
 .debug_abbrev  0x00000000000002de      0x289 Core/Src/stm32h7xx_hal_msp.o
 .debug_abbrev  0x0000000000000567      0x1c9 Core/Src/stm32h7xx_it.o
 .debug_abbrev  0x0000000000000730      0x21f Core/Src/system_stm32h7xx.o
 .debug_abbrev  0x000000000000094f       0x12 Core/Startup/startup_stm32h743zitx.o
 .debug_abbrev  0x0000000000000961      0x2db Drivers/STM32H7xx_HAL_Driver/Src/stm32h7xx_hal.o
 .debug_abbrev  0x0000000000000c3c      0x2c8 Drivers/STM32H7xx_HAL_Driver/Src/stm32h7xx_hal_adc.o
 .debug_abbrev  0x0000000000000f04      0x306 Drivers/STM32H7xx_HAL_Driver/Src/stm32h7xx_hal_adc_ex.o
 .debug_abbrev  0x000000000000120a      0x3b5 Drivers/STM32H7xx_HAL_Driver/Src/stm32h7xx_hal_cortex.o
 .debug_abbrev  0x00000000000015bf      0x2e2 Drivers/STM32H7xx_HAL_Driver/Src/stm32h7xx_hal_eth.o
 .debug_abbrev  0x00000000000018a1      0x28f Drivers/STM32H7xx_HAL_Driver/Src/stm32h7xx_hal_gpio.o
 .debug_abbrev  0x0000000000001b30      0x2ac Drivers/STM32H7xx_HAL_Driver/Src/stm32h7xx_hal_i2c.o
 .debug_abbrev  0x0000000000001ddc      0x266 Drivers/STM32H7xx_HAL_Driver/Src/stm32h7xx_hal_i2c_ex.o
 .debug_abbrev  0x0000000000002042      0x311 Drivers/STM32H7xx_HAL_Driver/Src/stm32h7xx_hal_pwr_ex.o
 .debug_abbrev  0x0000000000002353      0x2e2 Drivers/STM32H7xx_HAL_Driver/Src/stm32h7xx_hal_rcc.o
 .debug_abbrev  0x0000000000002635      0x2c3 Drivers/STM32H7xx_HAL_Driver/Src/stm32h7xx_hal_rcc_ex.o
 .debug_abbrev  0x00000000000028f8      0x2d5 Drivers/STM32H7xx_HAL_Driver/Src/stm32h7xx_hal_spi.o
 .debug_abbrev  0x0000000000002bcd      0x2bd Drivers/STM32H7xx_HAL_Driver/Src/stm32h7xx_hal_tim.o
 .debug_abbrev  0x0000000000002e8a      0x2ab Drivers/STM32H7xx_HAL_Driver/Src/stm32h7xx_hal_tim_ex.o

.debug_aranges  0x0000000000000000     0x1718
 .debug_aranges
                0x0000000000000000       0xa0 Core/Src/main.o
 .debug_aranges
                0x00000000000000a0       0x78 Core/Src/stm32h7xx_hal_msp.o
 .debug_aranges
                0x0000000000000118       0x60 Core/Src/stm32h7xx_it.o
 .debug_aranges
                0x0000000000000178       0x28 Core/Src/system_stm32h7xx.o
 .debug_aranges
                0x00000000000001a0       0x28 Core/Startup/startup_stm32h743zitx.o
 .debug_aranges
                0x00000000000001c8      0x1b8 Drivers/STM32H7xx_HAL_Driver/Src/stm32h7xx_hal.o
 .debug_aranges
                0x0000000000000380      0x228 Drivers/STM32H7xx_HAL_Driver/Src/stm32h7xx_hal_adc.o
 .debug_aranges
                0x00000000000005a8      0x1e0 Drivers/STM32H7xx_HAL_Driver/Src/stm32h7xx_hal_adc_ex.o
 .debug_aranges
                0x0000000000000788      0x120 Drivers/STM32H7xx_HAL_Driver/Src/stm32h7xx_hal_cortex.o
 .debug_aranges
                0x00000000000008a8      0x1b0 Drivers/STM32H7xx_HAL_Driver/Src/stm32h7xx_hal_eth.o
 .debug_aranges
                0x0000000000000a58       0x58 Drivers/STM32H7xx_HAL_Driver/Src/stm32h7xx_hal_gpio.o
 .debug_aranges
                0x0000000000000ab0      0x288 Drivers/STM32H7xx_HAL_Driver/Src/stm32h7xx_hal_i2c.o
 .debug_aranges
                0x0000000000000d38       0x48 Drivers/STM32H7xx_HAL_Driver/Src/stm32h7xx_hal_i2c_ex.o
 .debug_aranges
                0x0000000000000d80      0x158 Drivers/STM32H7xx_HAL_Driver/Src/stm32h7xx_hal_pwr_ex.o
 .debug_aranges
                0x0000000000000ed8       0x88 Drivers/STM32H7xx_HAL_Driver/Src/stm32h7xx_hal_rcc.o
 .debug_aranges
                0x0000000000000f60       0xe0 Drivers/STM32H7xx_HAL_Driver/Src/stm32h7xx_hal_rcc_ex.o
 .debug_aranges
                0x0000000000001040      0x1a0 Drivers/STM32H7xx_HAL_Driver/Src/stm32h7xx_hal_spi.o
 .debug_aranges
                0x00000000000011e0      0x3c8 Drivers/STM32H7xx_HAL_Driver/Src/stm32h7xx_hal_tim.o
 .debug_aranges
                0x00000000000015a8      0x170 Drivers/STM32H7xx_HAL_Driver/Src/stm32h7xx_hal_tim_ex.o

.debug_ranges   0x0000000000000000     0x15f0
 .debug_ranges  0x0000000000000000       0x90 Core/Src/main.o
 .debug_ranges  0x0000000000000090       0x68 Core/Src/stm32h7xx_hal_msp.o
 .debug_ranges  0x00000000000000f8       0x50 Core/Src/stm32h7xx_it.o
 .debug_ranges  0x0000000000000148       0x18 Core/Src/system_stm32h7xx.o
 .debug_ranges  0x0000000000000160       0x20 Core/Startup/startup_stm32h743zitx.o
 .debug_ranges  0x0000000000000180      0x1a8 Drivers/STM32H7xx_HAL_Driver/Src/stm32h7xx_hal.o
 .debug_ranges  0x0000000000000328      0x218 Drivers/STM32H7xx_HAL_Driver/Src/stm32h7xx_hal_adc.o
 .debug_ranges  0x0000000000000540      0x1d0 Drivers/STM32H7xx_HAL_Driver/Src/stm32h7xx_hal_adc_ex.o
 .debug_ranges  0x0000000000000710      0x110 Drivers/STM32H7xx_HAL_Driver/Src/stm32h7xx_hal_cortex.o
 .debug_ranges  0x0000000000000820      0x1a0 Drivers/STM32H7xx_HAL_Driver/Src/stm32h7xx_hal_eth.o
 .debug_ranges  0x00000000000009c0       0x48 Drivers/STM32H7xx_HAL_Driver/Src/stm32h7xx_hal_gpio.o
 .debug_ranges  0x0000000000000a08      0x278 Drivers/STM32H7xx_HAL_Driver/Src/stm32h7xx_hal_i2c.o
 .debug_ranges  0x0000000000000c80       0x38 Drivers/STM32H7xx_HAL_Driver/Src/stm32h7xx_hal_i2c_ex.o
 .debug_ranges  0x0000000000000cb8      0x148 Drivers/STM32H7xx_HAL_Driver/Src/stm32h7xx_hal_pwr_ex.o
 .debug_ranges  0x0000000000000e00       0x78 Drivers/STM32H7xx_HAL_Driver/Src/stm32h7xx_hal_rcc.o
 .debug_ranges  0x0000000000000e78       0xd0 Drivers/STM32H7xx_HAL_Driver/Src/stm32h7xx_hal_rcc_ex.o
 .debug_ranges  0x0000000000000f48      0x190 Drivers/STM32H7xx_HAL_Driver/Src/stm32h7xx_hal_spi.o
 .debug_ranges  0x00000000000010d8      0x3b8 Drivers/STM32H7xx_HAL_Driver/Src/stm32h7xx_hal_tim.o
 .debug_ranges  0x0000000000001490      0x160 Drivers/STM32H7xx_HAL_Driver/Src/stm32h7xx_hal_tim_ex.o

.debug_macro    0x0000000000000000    0x3943e
 .debug_macro   0x0000000000000000      0x317 Core/Src/main.o
 .debug_macro   0x0000000000000317      0xa66 Core/Src/main.o
 .debug_macro   0x0000000000000d7d      0x227 Core/Src/main.o
 .debug_macro   0x0000000000000fa4       0x2e Core/Src/main.o
 .debug_macro   0x0000000000000fd2       0x3b Core/Src/main.o
 .debug_macro   0x000000000000100d       0x22 Core/Src/main.o
 .debug_macro   0x000000000000102f       0x8e Core/Src/main.o
 .debug_macro   0x00000000000010bd       0x51 Core/Src/main.o
 .debug_macro   0x000000000000110e       0xef Core/Src/main.o
 .debug_macro   0x00000000000011fd       0x6a Core/Src/main.o
 .debug_macro   0x0000000000001267      0x1df Core/Src/main.o
 .debug_macro   0x0000000000001446       0x1c Core/Src/main.o
 .debug_macro   0x0000000000001462       0x22 Core/Src/main.o
 .debug_macro   0x0000000000001484       0xdf Core/Src/main.o
 .debug_macro   0x0000000000001563     0x12cd Core/Src/main.o
 .debug_macro   0x0000000000002830      0x11f Core/Src/main.o
 .debug_macro   0x000000000000294f       0x19 Core/Src/main.o
 .debug_macro   0x0000000000002968    0x25403 Core/Src/main.o
 .debug_macro   0x0000000000027d6b       0x43 Core/Src/main.o
 .debug_macro   0x0000000000027dae     0x3ccc Core/Src/main.o
 .debug_macro   0x000000000002ba7a      0x174 Core/Src/main.o
 .debug_macro   0x000000000002bbee       0x46 Core/Src/main.o
 .debug_macro   0x000000000002bc34       0x17 Core/Src/main.o
 .debug_macro   0x000000000002bc4b       0x3c Core/Src/main.o
 .debug_macro   0x000000000002bc87       0x34 Core/Src/main.o
 .debug_macro   0x000000000002bcbb       0x52 Core/Src/main.o
 .debug_macro   0x000000000002bd0d       0x1f Core/Src/main.o
 .debug_macro   0x000000000002bd2c       0x43 Core/Src/main.o
 .debug_macro   0x000000000002bd6f       0x20 Core/Src/main.o
 .debug_macro   0x000000000002bd8f      0x1a3 Core/Src/main.o
 .debug_macro   0x000000000002bf32      0x32a Core/Src/main.o
 .debug_macro   0x000000000002c25c      0x1e1 Core/Src/main.o
 .debug_macro   0x000000000002c43d       0x54 Core/Src/main.o
 .debug_macro   0x000000000002c491     0x240e Core/Src/main.o
 .debug_macro   0x000000000002e89f      0xf84 Core/Src/main.o
 .debug_macro   0x000000000002f823      0x138 Core/Src/main.o
 .debug_macro   0x000000000002f95b      0x117 Core/Src/main.o
 .debug_macro   0x000000000002fa72      0x39b Core/Src/main.o
 .debug_macro   0x000000000002fe0d       0x27 Core/Src/main.o
 .debug_macro   0x000000000002fe34      0x72d Core/Src/main.o
 .debug_macro   0x0000000000030561      0x229 Core/Src/main.o
 .debug_macro   0x000000000003078a       0x66 Core/Src/main.o
 .debug_macro   0x00000000000307f0      0x3ad Core/Src/main.o
 .debug_macro   0x0000000000030b9d      0xa59 Core/Src/main.o
 .debug_macro   0x00000000000315f6      0x129 Core/Src/main.o
 .debug_macro   0x000000000003171f      0x3e5 Core/Src/main.o
 .debug_macro   0x0000000000031b04      0x275 Core/Src/main.o
 .debug_macro   0x0000000000031d79     0x101a Core/Src/main.o
 .debug_macro   0x0000000000032d93      0x6b7 Core/Src/main.o
 .debug_macro   0x000000000003344a      0x36e Core/Src/main.o
 .debug_macro   0x00000000000337b8      0x3cb Core/Src/main.o
 .debug_macro   0x0000000000033b83      0x40f Core/Src/main.o
 .debug_macro   0x0000000000033f92       0x51 Core/Src/main.o
 .debug_macro   0x0000000000033fe3       0x4a Core/Src/main.o
 .debug_macro   0x000000000003402d      0x22c Core/Src/main.o
 .debug_macro   0x0000000000034259       0x58 Core/Src/main.o
 .debug_macro   0x00000000000342b1       0xa5 Core/Src/main.o
 .debug_macro   0x0000000000034356      0x1c5 Core/Src/main.o
 .debug_macro   0x000000000003451b      0x259 Core/Src/main.o
 .debug_macro   0x0000000000034774       0x35 Core/Src/main.o
 .debug_macro   0x00000000000347a9      0x5dd Core/Src/main.o
 .debug_macro   0x0000000000034d86       0x9e Core/Src/main.o
 .debug_macro   0x0000000000034e24      0xaad Core/Src/main.o
 .debug_macro   0x00000000000358d1      0x2a0 Core/Src/main.o
 .debug_macro   0x0000000000035b71      0x58b Core/Src/main.o
 .debug_macro   0x00000000000360fc       0x16 Core/Src/main.o
 .debug_macro   0x0000000000036112       0x35 Core/Src/main.o
 .debug_macro   0x0000000000036147       0x20 Core/Src/main.o
 .debug_macro   0x0000000000036167      0x2e1 Core/Src/stm32h7xx_hal_msp.o
 .debug_macro   0x0000000000036448      0x2eb Core/Src/stm32h7xx_it.o
 .debug_macro   0x0000000000036733      0x2dd Core/Src/system_stm32h7xx.o
 .debug_macro   0x0000000000036a10      0x301 Drivers/STM32H7xx_HAL_Driver/Src/stm32h7xx_hal.o
 .debug_macro   0x0000000000036d11      0x2fb Drivers/STM32H7xx_HAL_Driver/Src/stm32h7xx_hal_adc.o
 .debug_macro   0x000000000003700c      0x2e3 Drivers/STM32H7xx_HAL_Driver/Src/stm32h7xx_hal_adc_ex.o
 .debug_macro   0x00000000000372ef      0x2d7 Drivers/STM32H7xx_HAL_Driver/Src/stm32h7xx_hal_cortex.o
 .debug_macro   0x00000000000375c6      0x364 Drivers/STM32H7xx_HAL_Driver/Src/stm32h7xx_hal_eth.o
 .debug_macro   0x000000000003792a      0x313 Drivers/STM32H7xx_HAL_Driver/Src/stm32h7xx_hal_gpio.o
 .debug_macro   0x0000000000037c3d      0x39c Drivers/STM32H7xx_HAL_Driver/Src/stm32h7xx_hal_i2c.o
 .debug_macro   0x0000000000037fd9      0x2d7 Drivers/STM32H7xx_HAL_Driver/Src/stm32h7xx_hal_i2c_ex.o
 .debug_macro   0x00000000000382b0      0x310 Drivers/STM32H7xx_HAL_Driver/Src/stm32h7xx_hal_pwr_ex.o
 .debug_macro   0x00000000000385c0      0x2fb Drivers/STM32H7xx_HAL_Driver/Src/stm32h7xx_hal_rcc.o
 .debug_macro   0x00000000000388bb      0x2f5 Drivers/STM32H7xx_HAL_Driver/Src/stm32h7xx_hal_rcc_ex.o
 .debug_macro   0x0000000000038bb0      0x2df Drivers/STM32H7xx_HAL_Driver/Src/stm32h7xx_hal_spi.o
 .debug_macro   0x0000000000038e8f      0x2d8 Drivers/STM32H7xx_HAL_Driver/Src/stm32h7xx_hal_tim.o
 .debug_macro   0x0000000000039167      0x2d7 Drivers/STM32H7xx_HAL_Driver/Src/stm32h7xx_hal_tim_ex.o

.debug_line     0x0000000000000000    0x11e9a
 .debug_line    0x0000000000000000      0xc29 Core/Src/main.o
 .debug_line    0x0000000000000c29      0xa86 Core/Src/stm32h7xx_hal_msp.o
 .debug_line    0x00000000000016af      0x962 Core/Src/stm32h7xx_it.o
 .debug_line    0x0000000000002011      0x902 Core/Src/system_stm32h7xx.o
 .debug_line    0x0000000000002913       0x85 Core/Startup/startup_stm32h743zitx.o
 .debug_line    0x0000000000002998      0xcbd Drivers/STM32H7xx_HAL_Driver/Src/stm32h7xx_hal.o
 .debug_line    0x0000000000003655     0x1894 Drivers/STM32H7xx_HAL_Driver/Src/stm32h7xx_hal_adc.o
 .debug_line    0x0000000000004ee9     0x1663 Drivers/STM32H7xx_HAL_Driver/Src/stm32h7xx_hal_adc_ex.o
 .debug_line    0x000000000000654c      0xbfa Drivers/STM32H7xx_HAL_Driver/Src/stm32h7xx_hal_cortex.o
 .debug_line    0x0000000000007146     0x116a Drivers/STM32H7xx_HAL_Driver/Src/stm32h7xx_hal_eth.o
 .debug_line    0x00000000000082b0      0xab5 Drivers/STM32H7xx_HAL_Driver/Src/stm32h7xx_hal_gpio.o
 .debug_line    0x0000000000008d65     0x1ec8 Drivers/STM32H7xx_HAL_Driver/Src/stm32h7xx_hal_i2c.o
 .debug_line    0x000000000000ac2d      0xa02 Drivers/STM32H7xx_HAL_Driver/Src/stm32h7xx_hal_i2c_ex.o
 .debug_line    0x000000000000b62f      0xc92 Drivers/STM32H7xx_HAL_Driver/Src/stm32h7xx_hal_pwr_ex.o
 .debug_line    0x000000000000c2c1      0xc62 Drivers/STM32H7xx_HAL_Driver/Src/stm32h7xx_hal_rcc.o
 .debug_line    0x000000000000cf23      0xeb8 Drivers/STM32H7xx_HAL_Driver/Src/stm32h7xx_hal_rcc_ex.o
 .debug_line    0x000000000000dddb     0x1321 Drivers/STM32H7xx_HAL_Driver/Src/stm32h7xx_hal_spi.o
 .debug_line    0x000000000000f0fc     0x1d9a Drivers/STM32H7xx_HAL_Driver/Src/stm32h7xx_hal_tim.o
 .debug_line    0x0000000000010e96     0x1004 Drivers/STM32H7xx_HAL_Driver/Src/stm32h7xx_hal_tim_ex.o

.debug_str      0x0000000000000000   0x176f74
 .debug_str     0x0000000000000000   0x16ff0e Core/Src/main.o
                                     0x1708f2 (size before relaxing)
 .debug_str     0x000000000016ff0e      0x12c Core/Src/stm32h7xx_hal_msp.o
                                     0x16fee6 (size before relaxing)
 .debug_str     0x000000000017003a       0xbd Core/Src/stm32h7xx_it.o
                                     0x16e755 (size before relaxing)
 .debug_str     0x00000000001700f7       0xda Core/Src/system_stm32h7xx.o
                                     0x16eaa8 (size before relaxing)
 .debug_str     0x00000000001701d1       0x36 Core/Startup/startup_stm32h743zitx.o
                                         0x7c (size before relaxing)
 .debug_str     0x0000000000170207      0xf8a Drivers/STM32H7xx_HAL_Driver/Src/stm32h7xx_hal.o
                                     0x16fa76 (size before relaxing)
 .debug_str     0x0000000000171191      0xa3b Drivers/STM32H7xx_HAL_Driver/Src/stm32h7xx_hal_adc.o
                                     0x16f83c (size before relaxing)
 .debug_str     0x0000000000171bcc      0x8ad Drivers/STM32H7xx_HAL_Driver/Src/stm32h7xx_hal_adc_ex.o
                                     0x16f953 (size before relaxing)
 .debug_str     0x0000000000172479      0x395 Drivers/STM32H7xx_HAL_Driver/Src/stm32h7xx_hal_cortex.o
                                     0x16f515 (size before relaxing)
 .debug_str     0x000000000017280e     0x1015 Drivers/STM32H7xx_HAL_Driver/Src/stm32h7xx_hal_eth.o
                                     0x170297 (size before relaxing)
 .debug_str     0x0000000000173823      0x204 Drivers/STM32H7xx_HAL_Driver/Src/stm32h7xx_hal_gpio.o
                                     0x16ecad (size before relaxing)
 .debug_str     0x0000000000173a27      0xd3a Drivers/STM32H7xx_HAL_Driver/Src/stm32h7xx_hal_i2c.o
                                     0x16faf4 (size before relaxing)
 .debug_str     0x0000000000174761       0xb8 Drivers/STM32H7xx_HAL_Driver/Src/stm32h7xx_hal_i2c_ex.o
                                     0x16efe8 (size before relaxing)
 .debug_str     0x0000000000174819      0x627 Drivers/STM32H7xx_HAL_Driver/Src/stm32h7xx_hal_pwr_ex.o
                                     0x16f061 (size before relaxing)
 .debug_str     0x0000000000174e40      0x38c Drivers/STM32H7xx_HAL_Driver/Src/stm32h7xx_hal_rcc.o
                                     0x16ef28 (size before relaxing)
 .debug_str     0x00000000001751cc      0x603 Drivers/STM32H7xx_HAL_Driver/Src/stm32h7xx_hal_rcc_ex.o
                                     0x16f2e1 (size before relaxing)
 .debug_str     0x00000000001757cf      0x4f8 Drivers/STM32H7xx_HAL_Driver/Src/stm32h7xx_hal_spi.o
                                     0x16f1f7 (size before relaxing)
 .debug_str     0x0000000000175cc7      0xcfe Drivers/STM32H7xx_HAL_Driver/Src/stm32h7xx_hal_tim.o
                                     0x16fab0 (size before relaxing)
 .debug_str     0x00000000001769c5      0x5af Drivers/STM32H7xx_HAL_Driver/Src/stm32h7xx_hal_tim_ex.o
                                     0x16f3a0 (size before relaxing)

.comment        0x0000000000000000       0x7b
 .comment       0x0000000000000000       0x7b Core/Src/main.o
                                         0x7c (size before relaxing)
 .comment       0x000000000000007b       0x7c Core/Src/stm32h7xx_hal_msp.o
 .comment       0x000000000000007b       0x7c Core/Src/stm32h7xx_it.o
 .comment       0x000000000000007b       0x7c Core/Src/system_stm32h7xx.o
 .comment       0x000000000000007b       0x7c Drivers/STM32H7xx_HAL_Driver/Src/stm32h7xx_hal.o
 .comment       0x000000000000007b       0x7c Drivers/STM32H7xx_HAL_Driver/Src/stm32h7xx_hal_adc.o
 .comment       0x000000000000007b       0x7c Drivers/STM32H7xx_HAL_Driver/Src/stm32h7xx_hal_adc_ex.o
 .comment       0x000000000000007b       0x7c Drivers/STM32H7xx_HAL_Driver/Src/stm32h7xx_hal_cortex.o
 .comment       0x000000000000007b       0x7c Drivers/STM32H7xx_HAL_Driver/Src/stm32h7xx_hal_eth.o
 .comment       0x000000000000007b       0x7c Drivers/STM32H7xx_HAL_Driver/Src/stm32h7xx_hal_gpio.o
 .comment       0x000000000000007b       0x7c Drivers/STM32H7xx_HAL_Driver/Src/stm32h7xx_hal_i2c.o
 .comment       0x000000000000007b       0x7c Drivers/STM32H7xx_HAL_Driver/Src/stm32h7xx_hal_i2c_ex.o
 .comment       0x000000000000007b       0x7c Drivers/STM32H7xx_HAL_Driver/Src/stm32h7xx_hal_pwr_ex.o
 .comment       0x000000000000007b       0x7c Drivers/STM32H7xx_HAL_Driver/Src/stm32h7xx_hal_rcc.o
 .comment       0x000000000000007b       0x7c Drivers/STM32H7xx_HAL_Driver/Src/stm32h7xx_hal_rcc_ex.o
 .comment       0x000000000000007b       0x7c Drivers/STM32H7xx_HAL_Driver/Src/stm32h7xx_hal_spi.o
 .comment       0x000000000000007b       0x7c Drivers/STM32H7xx_HAL_Driver/Src/stm32h7xx_hal_tim.o
 .comment       0x000000000000007b       0x7c Drivers/STM32H7xx_HAL_Driver/Src/stm32h7xx_hal_tim_ex.o

.debug_frame    0x0000000000000000     0x64b0
 .debug_frame   0x0000000000000000      0x250 Core/Src/main.o
 .debug_frame   0x0000000000000250      0x1cc Core/Src/stm32h7xx_hal_msp.o
 .debug_frame   0x000000000000041c      0x10c Core/Src/stm32h7xx_it.o
 .debug_frame   0x0000000000000528       0x58 Core/Src/system_stm32h7xx.o
 .debug_frame   0x0000000000000580      0x708 Drivers/STM32H7xx_HAL_Driver/Src/stm32h7xx_hal.o
 .debug_frame   0x0000000000000c88      0xa28 Drivers/STM32H7xx_HAL_Driver/Src/stm32h7xx_hal_adc.o
 .debug_frame   0x00000000000016b0      0x8b4 Drivers/STM32H7xx_HAL_Driver/Src/stm32h7xx_hal_adc_ex.o
 .debug_frame   0x0000000000001f64      0x4b8 Drivers/STM32H7xx_HAL_Driver/Src/stm32h7xx_hal_cortex.o
 .debug_frame   0x000000000000241c      0x7d0 Drivers/STM32H7xx_HAL_Driver/Src/stm32h7xx_hal_eth.o
 .debug_frame   0x0000000000002bec      0x14c Drivers/STM32H7xx_HAL_Driver/Src/stm32h7xx_hal_gpio.o
 .debug_frame   0x0000000000002d38      0xbc8 Drivers/STM32H7xx_HAL_Driver/Src/stm32h7xx_hal_i2c.o
 .debug_frame   0x0000000000003900      0x100 Drivers/STM32H7xx_HAL_Driver/Src/stm32h7xx_hal_i2c_ex.o
 .debug_frame   0x0000000000003a00      0x580 Drivers/STM32H7xx_HAL_Driver/Src/stm32h7xx_hal_pwr_ex.o
 .debug_frame   0x0000000000003f80      0x1f0 Drivers/STM32H7xx_HAL_Driver/Src/stm32h7xx_hal_rcc.o
 .debug_frame   0x0000000000004170      0x390 Drivers/STM32H7xx_HAL_Driver/Src/stm32h7xx_hal_rcc_ex.o
 .debug_frame   0x0000000000004500      0x778 Drivers/STM32H7xx_HAL_Driver/Src/stm32h7xx_hal_spi.o
 .debug_frame   0x0000000000004c78     0x118c Drivers/STM32H7xx_HAL_Driver/Src/stm32h7xx_hal_tim.o
 .debug_frame   0x0000000000005e04      0x660 Drivers/STM32H7xx_HAL_Driver/Src/stm32h7xx_hal_tim_ex.o
 .debug_frame   0x0000000000006464       0x2c c:/st/stm32cubeide_1.2.0/stm32cubeide/plugins/com.st.stm32cube.ide.mcu.externaltools.gnu-tools-for-stm32.7-2018-q2-update.win32_1.0.0.201904181610/tools/bin/../lib/gcc/arm-none-eabi/7.3.1/../../../../arm-none-eabi/lib/thumb/v7e-m/fpv5/hard\libc_nano.a(lib_a-init.o)
 .debug_frame   0x0000000000006490       0x20 c:/st/stm32cubeide_1.2.0/stm32cubeide/plugins/com.st.stm32cube.ide.mcu.externaltools.gnu-tools-for-stm32.7-2018-q2-update.win32_1.0.0.201904181610/tools/bin/../lib/gcc/arm-none-eabi/7.3.1/../../../../arm-none-eabi/lib/thumb/v7e-m/fpv5/hard\libc_nano.a(lib_a-memset.o)
